I'm sorry, but errors were detected in your script. Please correct the
errors listed below, and try again.


File "game/location/2b_story.rpy", line 1003: expecting name after dot.
    char.
         ^

Ren'Py Version: Ren'Py 8.3.7.25031702
Sat Jan  3 07:44:51 2026
